// Jest Snapshot v1, https://goo.gl/fbAQLP

exports[`<FooterComp /> should render 1`] = `
ReactWrapper {
  Symbol(enzyme.__renderer__): Object {
    "batchedUpdates": [Function],
    "getNode": [Function],
    "getWrappingComponentRenderer": [Function],
    "render": [Function],
    "simulateError": [Function],
    "simulateEvent": [Function],
    "unmount": [Function],
    "wrapInvoke": [Function],
  },
  Symbol(enzyme.__root__): [Circular],
  Symbol(enzyme.__node__): Object {
    "instance": null,
    "key": undefined,
    "nodeType": "function",
    "props": Object {},
    "ref": null,
    "rendered": Object {
      "instance": <footer
        class="text-muted fixed-bottom"
      >
        <div
          class="container"
        >
          <p
            class="float-right"
          >
            <a
              href="#"
              id="scrollToTop"
            >
              Back to top
            </a>
          </p>
          <p>
            Develped by © AW
          </p>
        </div>
      </footer>,
      "key": undefined,
      "nodeType": "host",
      "props": Object {
        "children": <div
          className="container"
        >
          <p
            className="float-right"
          >
            <a
              href="#"
              id="scrollToTop"
              onClick={[Function]}
            >
              Back to top
            </a>
          </p>
          <p>
            Develped by © AW
          </p>
        </div>,
        "className": "text-muted fixed-bottom",
      },
      "ref": null,
      "rendered": Array [
        Object {
          "instance": <div
            class="container"
          >
            <p
              class="float-right"
            >
              <a
                href="#"
                id="scrollToTop"
              >
                Back to top
              </a>
            </p>
            <p>
              Develped by © AW
            </p>
          </div>,
          "key": undefined,
          "nodeType": "host",
          "props": Object {
            "children": Array [
              <p
                className="float-right"
              >
                <a
                  href="#"
                  id="scrollToTop"
                  onClick={[Function]}
                >
                  Back to top
                </a>
              </p>,
              <p>
                Develped by © AW
              </p>,
            ],
            "className": "container",
          },
          "ref": null,
          "rendered": Array [
            Object {
              "instance": <p
                class="float-right"
              >
                <a
                  href="#"
                  id="scrollToTop"
                >
                  Back to top
                </a>
              </p>,
              "key": undefined,
              "nodeType": "host",
              "props": Object {
                "children": <a
                  href="#"
                  id="scrollToTop"
                  onClick={[Function]}
                >
                  Back to top
                </a>,
                "className": "float-right",
              },
              "ref": null,
              "rendered": Array [
                Object {
                  "instance": <a
                    href="#"
                    id="scrollToTop"
                  >
                    Back to top
                  </a>,
                  "key": undefined,
                  "nodeType": "host",
                  "props": Object {
                    "children": "Back to top",
                    "href": "#",
                    "id": "scrollToTop",
                    "onClick": [Function],
                  },
                  "ref": null,
                  "rendered": Array [
                    "Back to top",
                  ],
                  "type": "a",
                },
              ],
              "type": "p",
            },
            Object {
              "instance": <p>
                Develped by © AW
              </p>,
              "key": undefined,
              "nodeType": "host",
              "props": Object {
                "children": "Develped by © AW",
              },
              "ref": null,
              "rendered": Array [
                "Develped by © AW",
              ],
              "type": "p",
            },
          ],
          "type": "div",
        },
      ],
      "type": "footer",
    },
    "type": [Function],
  },
  Symbol(enzyme.__nodes__): Array [
    Object {
      "instance": null,
      "key": undefined,
      "nodeType": "function",
      "props": Object {},
      "ref": null,
      "rendered": Object {
        "instance": <footer
          class="text-muted fixed-bottom"
        >
          <div
            class="container"
          >
            <p
              class="float-right"
            >
              <a
                href="#"
                id="scrollToTop"
              >
                Back to top
              </a>
            </p>
            <p>
              Develped by © AW
            </p>
          </div>
        </footer>,
        "key": undefined,
        "nodeType": "host",
        "props": Object {
          "children": <div
            className="container"
          >
            <p
              className="float-right"
            >
              <a
                href="#"
                id="scrollToTop"
                onClick={[Function]}
              >
                Back to top
              </a>
            </p>
            <p>
              Develped by © AW
            </p>
          </div>,
          "className": "text-muted fixed-bottom",
        },
        "ref": null,
        "rendered": Array [
          Object {
            "instance": <div
              class="container"
            >
              <p
                class="float-right"
              >
                <a
                  href="#"
                  id="scrollToTop"
                >
                  Back to top
                </a>
              </p>
              <p>
                Develped by © AW
              </p>
            </div>,
            "key": undefined,
            "nodeType": "host",
            "props": Object {
              "children": Array [
                <p
                  className="float-right"
                >
                  <a
                    href="#"
                    id="scrollToTop"
                    onClick={[Function]}
                  >
                    Back to top
                  </a>
                </p>,
                <p>
                  Develped by © AW
                </p>,
              ],
              "className": "container",
            },
            "ref": null,
            "rendered": Array [
              Object {
                "instance": <p
                  class="float-right"
                >
                  <a
                    href="#"
                    id="scrollToTop"
                  >
                    Back to top
                  </a>
                </p>,
                "key": undefined,
                "nodeType": "host",
                "props": Object {
                  "children": <a
                    href="#"
                    id="scrollToTop"
                    onClick={[Function]}
                  >
                    Back to top
                  </a>,
                  "className": "float-right",
                },
                "ref": null,
                "rendered": Array [
                  Object {
                    "instance": <a
                      href="#"
                      id="scrollToTop"
                    >
                      Back to top
                    </a>,
                    "key": undefined,
                    "nodeType": "host",
                    "props": Object {
                      "children": "Back to top",
                      "href": "#",
                      "id": "scrollToTop",
                      "onClick": [Function],
                    },
                    "ref": null,
                    "rendered": Array [
                      "Back to top",
                    ],
                    "type": "a",
                  },
                ],
                "type": "p",
              },
              Object {
                "instance": <p>
                  Develped by © AW
                </p>,
                "key": undefined,
                "nodeType": "host",
                "props": Object {
                  "children": "Develped by © AW",
                },
                "ref": null,
                "rendered": Array [
                  "Develped by © AW",
                ],
                "type": "p",
              },
            ],
            "type": "div",
          },
        ],
        "type": "footer",
      },
      "type": [Function],
    },
  ],
  Symbol(enzyme.__options__): Object {
    "adapter": ReactSixteenAdapter {
      "options": Object {
        "enableComponentDidUpdateOnSetState": true,
        "legacyContextMode": "parent",
        "lifecycles": Object {
          "componentDidUpdate": Object {
            "onSetState": true,
          },
          "getChildContext": Object {
            "calledByRenderer": false,
          },
          "getDerivedStateFromError": true,
          "getDerivedStateFromProps": Object {
            "hasShouldComponentUpdateBug": false,
          },
          "getSnapshotBeforeUpdate": true,
          "setState": Object {
            "skipsComponentDidUpdateOnNullish": true,
          },
        },
      },
    },
  },
  Symbol(enzyme.__linkedRoots__): Array [],
  Symbol(enzyme.__unrendered__): <FooterComp />,
  Symbol(enzyme.__updatedBy__): null,
}
`;
